// Jest Snapshot v1, https://goo.gl/fbAQLP

exports[`Pruebas con HeroCardCharacters Validar personajes de heroe 1`] = `
<div
  className="card ms-3 animate__animated animate__fadeIn"
  style={
    Object {
      "maxWidth": 540,
    }
  }
>
  <div
    className="row no-gutters"
  >
    <div
      className="col-md-4"
    >
      <img
        alt="Flash"
        className="card-img"
        src="./assets/heroes/dc-flash.jpg"
      />
    </div>
    <div
      className="col-md-8"
    >
      <div
        className="card-body"
      >
        <h5
          className="card-title"
        >
           
          Flash
           
        </h5>
        <p
          className="card-text"
        >
           
          Jay Garrick
           
        </p>
        <p
          className="card-text-characters"
        >
           
          Jay Garrick, Barry Allen, Wally West, Bart Allen
           
        </p>
        <p
          className="card-text"
        >
          <small
            className="text-muted"
          >
             
            Flash Comics #1
             
          </small>
        </p>
        <Link
          to="./hero/dc-flash"
        >
          MÃ¡s...
        </Link>
      </div>
    </div>
  </div>
</div>
`;
