// Jest Snapshot v1, https://goo.gl/fbAQLP

exports[`Pruebas componente <HeroCard /> Validar informacion Alter-Ego 1`] = `
<div
  className="card ms-3 animate__animated animate__fadeIn"
  style={
    Object {
      "maxWidth": 540,
    }
  }
>
  <div
    className="row no-gutters"
  >
    <div
      className="col-md-4"
    >
      <img
        alt="Thor"
        className="card-img"
        src="./assets/heroes/marvel-thor.jpg"
      />
    </div>
    <div
      className="col-md-8"
    >
      <div
        className="card-body"
      >
        <h5
          className="card-title"
        >
           
          Thor
           
        </h5>
        <p
          className="card-text"
        >
           
          Thor Odinson
           
        </p>
        <p
          className="card-text"
        >
          <small
            className="text-muted"
          >
             
            Journey into Myster #83
             
          </small>
        </p>
        <Link
          to="./hero/marvel-thor"
        >
          MÃ¡s...
        </Link>
      </div>
    </div>
  </div>
</div>
`;
